---
source: src/binary/module.rs
expression: module
---
Module {
    magic: "\0asm",
    version: 1,
    custom_section: None,
    memory_section: None,
    type_section: Some(
        [
            FuncType {
                params: [
                    I32,
                ],
                results: [
                    I32,
                ],
            },
        ],
    ),
    function_section: Some(
        [
            0,
        ],
    ),
    import_section: None,
    export_section: None,
    data_section: None,
    code_section: Some(
        [
            Function {
                locals: [],
                code: [
                    LocalGet(
                        0,
                    ),
                    End,
                ],
            },
        ],
    ),
}
